// Jest Snapshot v1, https://goo.gl/fbAQLP

exports[`Button snap initial button 1`] = `
<button
  class="root"
>
  Initial
</button>
`;
